// Jest Snapshot v1, https://goo.gl/fbAQLP

exports[`SearchView renders SearchView Page 1`] = `""`;
